2026/08/28 14:18:40 failed to sufficiently increase receive buffer size (was: 208 kiB, wanted: 7168 kiB, got: 416 kiB). See https://github.com/quic-go/quic-go/wiki/UDP-Buffer-Sizes for details.
2026/08/28 14:18:40 Rhiza HTTP adapter listening on 0.0.0.0:8080
2026/08/28 14:18:41 operation sync from rhiza-sql-2 failed: lookup rhiza-sql-2.rhiza-sql-headless.rhiza-3peer-e2e.svc.cluster.local on 10.43.0.10:53: no such host
2026/08/28 14:18:43 operation sync from rhiza-sql-2 failed: lookup rhiza-sql-2.rhiza-sql-headless.rhiza-3peer-e2e.svc.cluster.local on 10.43.0.10:53: no such host
2026/08/28 14:18:47 creating streaming checkpoint at slot 2
2026/08/28 14:18:47 checkpoint candidate published: index=2 size=36864 files=1
2026/08/28 14:18:52 creating streaming checkpoint at slot 77
2026/08/28 14:18:52 checkpoint candidate published: index=77 size=49152 files=1
2026/08/28 14:18:55 failed to create checkpoint: checkpoint publisher is active
2026/08/28 14:18:56 creating streaming checkpoint at slot 154
2026/08/28 14:18:56 checkpoint candidate published: index=154 size=65536 files=1
2026/08/28 14:18:58 creating streaming checkpoint at slot 217
2026/08/28 14:18:58 checkpoint candidate published: index=217 size=77824 files=1
2026/08/28 14:19:01 failed to create checkpoint: checkpoint publisher is active
2026/08/28 14:19:02 creating streaming checkpoint at slot 290
2026/08/28 14:19:02 checkpoint candidate published: index=290 size=106496 files=1
2026/08/28 14:19:04 creating streaming checkpoint at slot 360
2026/08/28 14:19:04 checkpoint candidate published: index=360 size=118784 files=1
2026/08/28 14:19:07 creating streaming checkpoint at slot 438
2026/08/28 14:19:07 checkpoint candidate published: index=438 size=139264 files=1
